;/////////////////////////////////////////////////////////////////////////////////
;// Code Generator: BoostC Compiler - http://www.sourceboost.com
;// Version       : 7.03
;// License Type  : Full License
;// Limitations   : PIC18 max code size:Unlimited, max RAM banks:Unlimited, Non commercial use only
;/////////////////////////////////////////////////////////////////////////////////


Map File

Program Memory usage
====================

Address  Length   Unique Name      Name
-------  ------   -----------      ----
00000000:00000800 *Unused Block *Reserved
00000800:00000008 _resetvector     _resetvector  
00000808:00000004 _interruptVector _interruptVector  
0000080C:00000084 delay_ms_00000   delay_ms(unsigned char)  
00000890:00000038 FCD_ADC3_S_00055 FCD_ADC3_SampleADC(void)  
000008C8:00000038 FCD_ADC2_S_00050 FCD_ADC2_SampleADC(void)  
00000900:0000000A FCD_ADC3_R_00047 FCD_ADC3_ReadAsByte(void)  
0000090A:0000000A FCD_ADC2_R_00046 FCD_ADC2_ReadAsByte(void)  
00000914:00000086 FCM_getTro_00042 FCM_getTrouState(unsigned char)  
0000099A:00000016 FCD_Steppe_0005C FCD_Stepper0_EnableMotor(void)  
000009B0:00000046 FCD_Steppe_0005A FCD_Stepper0_IncrementStep(void)  
000009F6:00000042 main             main(void)  
00000A38:0000006E _startup_00000   _startup(void)  
00000AA6:00000022 interrupt        interrupt(void)  
00000AC8:00005538 *Unused Block 

Register usage
==============

Address  Bit Lengh Bit Mask   Unique Name                      Name
-------  --------- --------   -----------                      ----
00000001:00000020             Int1Context                      Int1Context
00000005:00000040             gbl_Stepper_263108_pattern       Stepper_263108_pattern
0000000D:00000020             gbl_16_LSR                       LSR
00000011:00000020             gbl_17_gbl_aSig                  gbl_aSig
00000015:00000020             gbl_17_gbl_bSig                  gbl_bSig
00000019:00000020             gbl_17_gbl_zSig                  gbl_zSig
0000001D:00000020             gbl_17_gbl_ret                   gbl_ret
00000021:00000010             gbl_17_gbl_zExp                  gbl_zExp
00000023:00000008             gbl_float_detect_tininess        float_detect_tininess
00000024:00000008             gbl_float_rounding_mode          float_rounding_mode
00000025:00000008             gbl_float_exception_flags        float_exception_flags
00000026:00000008             gbl_17_gbl_aExp                  gbl_aExp
00000027:00000008             gbl_17_gbl_bExp                  gbl_bExp
00000028:00000008             gbl_17_gbl_aSign                 gbl_aSign
00000029:00000008             gbl_17_gbl_bSign                 gbl_bSign
0000002A:00000008             gbl_17_gbl_zSign                 gbl_zSign
0000002B:00000008             gbl_17_gbl_zSigZero              gbl_zSigZero
0000002C:00000008             gbl_FCV_STOP                     FCV_STOP
0000002D:00000008             gbl_FCV_LEFT                     FCV_LEFT
0000002E:00000008             gbl_FCV_RIGHT                    FCV_RIGHT
0000002F:00000008             gbl_FCV_DROIT                    FCV_DROIT
00000030:00000008             gbl_FCV_ARRIERE                  FCV_ARRIERE
00000031:00000008             gbl_FCV_AVANT                    FCV_AVANT
00000032:00000008             gbl_FCV_TRUE                     FCV_TRUE
00000033:00000008             gbl_FCV_FALSE                    FCV_FALSE
00000034:00000008             gbl_Stepper_263108_phase         Stepper_263108_phase
00000035:00000008             gbl_Stepper_263108_enabled       Stepper_263108_enabled
00000036:00000008             delay_ms_00000_arg_del           del
00000037:00000008             FCM_getTro_00042_1_FCL_VAL       FCL_VAL
00000038:00000008             FCM_getTro_00042_1_FCL_TRIG      FCL_TRIG
00000039:00000008             FCM_getTro_00042_1_FCR_RETVAL    FCR_RETVAL
0000003A:00000008             FCD_ADC3_S_00055_1_old_tris      old_tris
0000003B:00000008             FCD_ADC3_S_00055_1_cnt           cnt
00000F62:00000008             gbl_sppdata                      sppdata
00000F63:00000008             gbl_sppcfg                       sppcfg
00000F64:00000008             gbl_sppeps                       sppeps
00000F65:00000008             gbl_sppcon                       sppcon
00000F66:00000008             gbl_ufrml                        ufrml
00000F67:00000008             gbl_ufrmh                        ufrmh
00000F68:00000008             gbl_uir                          uir
00000F69:00000008             gbl_uie                          uie
00000F6A:00000008             gbl_ueir                         ueir
00000F6B:00000008             gbl_ueie                         ueie
00000F6C:00000008             gbl_ustat                        ustat
00000F6D:00000008             gbl_ucon                         ucon
00000F6E:00000008             gbl_uaddr                        uaddr
00000F6F:00000008             gbl_ucfg                         ucfg
00000F70:00000008             gbl_uep0                         uep0
00000F71:00000008             gbl_uep1                         uep1
00000F72:00000008             gbl_uep2                         uep2
00000F73:00000008             gbl_uep3                         uep3
00000F74:00000008             gbl_uep4                         uep4
00000F75:00000008             gbl_uep5                         uep5
00000F76:00000008             gbl_uep6                         uep6
00000F77:00000008             gbl_uep7                         uep7
00000F78:00000008             gbl_uep8                         uep8
00000F79:00000008             gbl_uep9                         uep9
00000F7A:00000008             gbl_uep10                        uep10
00000F7B:00000008             gbl_uep11                        uep11
00000F7C:00000008             gbl_uep12                        uep12
00000F7D:00000008             gbl_uep13                        uep13
00000F7E:00000008             gbl_uep14                        uep14
00000F7F:00000008             gbl_uep15                        uep15
00000F80:00000008             gbl_porta                        porta
00000F81:00000008             gbl_portb                        portb
00000F82:00000008             gbl_portc                        portc
00000F83:00000008             gbl_portd                        portd
00000F84:00000008             gbl_porte                        porte
00000F89:00000008             gbl_lata                         lata
00000F8A:00000008             gbl_latb                         latb
00000F8B:00000008             gbl_latc                         latc
00000F8C:00000008             gbl_latd                         latd
00000F8D:00000008             gbl_late                         late
00000F92:00000008             gbl_trisa                        trisa
00000F93:00000008             gbl_trisb                        trisb
00000F94:00000008             gbl_trisc                        trisc
00000F95:00000008             gbl_trisd                        trisd
00000F96:00000008             gbl_trise                        trise
00000F9B:00000008             gbl_osctune                      osctune
00000F9D:00000008             gbl_pie1                         pie1
00000F9E:00000008             gbl_pir1                         pir1
00000F9F:00000008             gbl_ipr1                         ipr1
00000FA0:00000008             gbl_pie2                         pie2
00000FA1:00000008             gbl_pir2                         pir2
00000FA2:00000008             gbl_ipr2                         ipr2
00000FA6:00000008             gbl_eecon1                       eecon1
00000FA7:00000008             gbl_eecon2                       eecon2
00000FA8:00000008             gbl_eedata                       eedata
00000FA9:00000008             gbl_eeadr                        eeadr
00000FAB:00000008             gbl_rcsta                        rcsta
00000FAC:00000008             gbl_txsta                        txsta
00000FAD:00000008             gbl_txreg                        txreg
00000FAE:00000008             gbl_rcreg                        rcreg
00000FAF:00000008             gbl_spbrg                        spbrg
00000FB0:00000008             gbl_spbrgh                       spbrgh
00000FB1:00000008             gbl_t3con                        t3con
00000FB2:00000008             gbl_tmr3l                        tmr3l
00000FB3:00000008             gbl_tmr3h                        tmr3h
00000FB4:00000008             gbl_cmcon                        cmcon
00000FB5:00000008             gbl_cvrcon                       cvrcon
00000FB6:00000008             gbl_eccp1as                      eccp1as
00000FB7:00000008             gbl_eccp1del                     eccp1del
00000FB8:00000008             gbl_baudcon                      baudcon
00000FBA:00000008             gbl_ccp2con                      ccp2con
00000FBB:00000008             gbl_ccpr2l                       ccpr2l
00000FBC:00000008             gbl_ccpr2h                       ccpr2h
00000FBD:00000008             gbl_eccp1con                     eccp1con
00000FBE:00000008             gbl_ccpr1l                       ccpr1l
00000FBF:00000008             gbl_ccpr1h                       ccpr1h
00000FC0:00000008             gbl_adcon2                       adcon2
00000FC1:00000008             gbl_adcon1                       adcon1
00000FC2:00000008             gbl_adcon0                       adcon0
00000FC3:00000008             gbl_adresl                       adresl
00000FC4:00000008             gbl_adresh                       adresh
00000FC5:00000008             gbl_sspcon2                      sspcon2
00000FC6:00000008             gbl_sspcon1                      sspcon1
00000FC7:00000008             gbl_sspstat                      sspstat
00000FC8:00000008             gbl_sspadd                       sspadd
00000FC9:00000008             gbl_sspbuf                       sspbuf
00000FCA:00000008             gbl_t2con                        t2con
00000FCB:00000008             gbl_pr2                          pr2
00000FCC:00000008             gbl_tmr2                         tmr2
00000FCD:00000008             gbl_t1con                        t1con
00000FCE:00000008             gbl_tmr1l                        tmr1l
00000FCF:00000008             gbl_tmr1h                        tmr1h
00000FD0:00000008             gbl_rcon                         rcon
00000FD1:00000008             gbl_wdtcon                       wdtcon
00000FD2:00000008             gbl_lvdcon                       lvdcon
00000FD3:00000008             gbl_osccon                       osccon
00000FD5:00000008             gbl_t0con                        t0con
00000FD6:00000008             gbl_tmr0l                        tmr0l
00000FD7:00000008             gbl_tmr0h                        tmr0h
00000FD8:00000008             gbl_status                       status
00000FD9:00000008             gbl_fsr2l                        fsr2l
00000FDA:00000008             gbl_fsr2h                        fsr2h
00000FDB:00000008             gbl_plusw2                       plusw2
00000FDC:00000008             gbl_preinc2                      preinc2
00000FDD:00000008             gbl_postdec2                     postdec2
00000FDE:00000008             gbl_postinc2                     postinc2
00000FDF:00000008             gbl_indf2                        indf2
00000FE0:00000008             gbl_bsr                          bsr
00000FE1:00000008             gbl_fsr1l                        fsr1l
00000FE2:00000008             gbl_fsr1h                        fsr1h
00000FE3:00000008             gbl_plusw1                       plusw1
00000FE4:00000008             gbl_preinc1                      preinc1
00000FE5:00000008             gbl_postdec1                     postdec1
00000FE6:00000008             gbl_postinc1                     postinc1
00000FE7:00000008             gbl_indf1                        indf1
00000FE8:00000008             gbl_wreg                         wreg
00000FE9:00000008             gbl_fsr0l                        fsr0l
00000FEA:00000008             gbl_fsr0h                        fsr0h
00000FEB:00000008             gbl_plusw0                       plusw0
00000FEC:00000008             gbl_preinc0                      preinc0
00000FED:00000008             gbl_postdec0                     postdec0
00000FEE:00000008             gbl_postinc0                     postinc0
00000FEF:00000008             gbl_indf0                        indf0
00000FF0:00000008             gbl_intcon3                      intcon3
00000FF1:00000008             gbl_intcon2                      intcon2
00000FF2:00000008             gbl_intcon                       intcon
00000FF3:00000008             gbl_prodl                        prodl
00000FF4:00000008             gbl_prodh                        prodh
00000FF5:00000008             gbl_tablat                       tablat
00000FF6:00000008             gbl_tblptrl                      tblptrl
00000FF7:00000008             gbl_tblptrh                      tblptrh
00000FF8:00000008             gbl_tblptru                      tblptru
00000FF9:00000008             gbl_pcl                          pcl
00000FFA:00000008             gbl_pclath                       pclath
00000FFB:00000008             gbl_pclatu                       pclatu
00000FFC:00000008             gbl_stkptr                       stkptr
00000FFD:00000008             gbl_tosl                         tosl
00000FFE:00000008             gbl_tosh                         tosh
00000FFF:00000008             gbl_tosu                         tosu


Memory Usage Report
===================
RAM available:2048 bytes, used:60 bytes (3.0%), free:1988 bytes (97.0%), 
Heap size:1988 bytes, Heap max single alloc:127 bytes
ROM available:22528 bytes, used:712 bytes (3.2%), free:21816 bytes (96.8%)
