;/////////////////////////////////////////////////////////////////////////////////
;// Code Generator: BoostC Compiler - http://www.sourceboost.com
;// Version       : 7.03
;// License Type  : Full License
;// Limitations   : PIC18 max code size:Unlimited, max RAM banks:Unlimited, Non commercial use only
;/////////////////////////////////////////////////////////////////////////////////

	ORG 0x00000800
0800  EF1CF005  	GOTO	_startup
	ORG 0x00000808
0808  EF53F005  	GOTO	interrupt
	ORG 0x0000080C
080C            delay_ms_00000
080C            ; { delay_ms ; function begin
080C  5236      	MOVF delay_ms_00000_arg_del, F
080E  0000      	NOP
0810  E101      	BNZ	label1
0812  0012      	RETURN
0814            label1
0814  0EFF      	MOVLW 0xFF
0816            label2
0816  0000      	NOP
0818  0000      	NOP
081A  0000      	NOP
081C  0000      	NOP
081E  0000      	NOP
0820  0000      	NOP
0822  0000      	NOP
0824  0000      	NOP
0826  0000      	NOP
0828  0000      	NOP
082A  0000      	NOP
082C  0000      	NOP
082E  0000      	NOP
0830  0000      	NOP
0832  0000      	NOP
0834  0000      	NOP
0836  0000      	NOP
0838  0000      	NOP
083A  0000      	NOP
083C  0000      	NOP
083E  0000      	NOP
0840  0000      	NOP
0842  0000      	NOP
0844  0000      	NOP
0846  0000      	NOP
0848  0000      	NOP
084A  0000      	NOP
084C  0000      	NOP
084E  0000      	NOP
0850  0000      	NOP
0852  0000      	NOP
0854  0000      	NOP
0856  0000      	NOP
0858  0000      	NOP
085A  0000      	NOP
085C  0000      	NOP
085E  0000      	NOP
0860  0000      	NOP
0862  0000      	NOP
0864  0000      	NOP
0866  0000      	NOP
0868  0000      	NOP
086A  0000      	NOP
086C  0FFF      	ADDLW 0xFF
086E  A4D8      	BTFSS STATUS,Z
0870  D7D2      	BRA	label2
0872  0000      	NOP
0874  0000      	NOP
0876  0000      	NOP
0878  0000      	NOP
087A  0000      	NOP
087C  0000      	NOP
087E  0000      	NOP
0880  0000      	NOP
0882  0000      	NOP
0884  0000      	NOP
0886  0000      	NOP
0888  0000      	NOP
088A  2E36      	DECFSZ delay_ms_00000_arg_del, F
088C  D7C3      	BRA	label1
088E  0012      	RETURN
0890            ; } delay_ms function end

	ORG 0x00000890
0890            FCD_ADC3_S_00055
0890            ; { FCD_ADC3_SampleADC ; function begin
0890  0E03      	MOVLW 0x03
0892  6EC0      	MOVWF gbl_adcon2
0894  0E05      	MOVLW 0x05
0896  6EC1      	MOVWF gbl_adcon1
0898  5093      	MOVF gbl_trisb, W
089A  6E3A      	MOVWF FCD_ADC3_S_00055_1_old_tris
089C  0E10      	MOVLW 0x10
089E  1093      	IORWF gbl_trisb, W
08A0  6E93      	MOVWF gbl_trisb
08A2  0E25      	MOVLW 0x25
08A4  6EC2      	MOVWF gbl_adcon0
08A6  6A3B      	CLRF FCD_ADC3_S_00055_1_cnt
08A8            label3
08A8  0E28      	MOVLW 0x28
08AA  603B      	CPFSLT FCD_ADC3_S_00055_1_cnt
08AC  D002      	BRA	label4
08AE  2A3B      	INCF FCD_ADC3_S_00055_1_cnt, F
08B0  D7FB      	BRA	label3
08B2            label4
08B2  0E02      	MOVLW 0x02
08B4  10C2      	IORWF gbl_adcon0, W
08B6  6EC2      	MOVWF gbl_adcon0
08B8            label5
08B8  B2C2      	BTFSC gbl_adcon0,1
08BA  D7FE      	BRA	label5
08BC  503A      	MOVF FCD_ADC3_S_00055_1_old_tris, W
08BE  6E93      	MOVWF gbl_trisb
08C0  0E0F      	MOVLW 0x0F
08C2  6EC1      	MOVWF gbl_adcon1
08C4  6AC2      	CLRF gbl_adcon0
08C6  0012      	RETURN
08C8            ; } FCD_ADC3_SampleADC function end

	ORG 0x000008C8
08C8            FCD_ADC2_S_00050
08C8            ; { FCD_ADC2_SampleADC ; function begin
08C8  0E03      	MOVLW 0x03
08CA  6EC0      	MOVWF gbl_adcon2
08CC  0E05      	MOVLW 0x05
08CE  6EC1      	MOVWF gbl_adcon1
08D0  5093      	MOVF gbl_trisb, W
08D2  6E3A      	MOVWF FCD_ADC2_S_00050_1_old_tris
08D4  0E10      	MOVLW 0x10
08D6  1093      	IORWF gbl_trisb, W
08D8  6E93      	MOVWF gbl_trisb
08DA  0E25      	MOVLW 0x25
08DC  6EC2      	MOVWF gbl_adcon0
08DE  6A3B      	CLRF FCD_ADC2_S_00050_1_cnt
08E0            label6
08E0  0E28      	MOVLW 0x28
08E2  603B      	CPFSLT FCD_ADC2_S_00050_1_cnt
08E4  D002      	BRA	label7
08E6  2A3B      	INCF FCD_ADC2_S_00050_1_cnt, F
08E8  D7FB      	BRA	label6
08EA            label7
08EA  0E02      	MOVLW 0x02
08EC  10C2      	IORWF gbl_adcon0, W
08EE  6EC2      	MOVWF gbl_adcon0
08F0            label8
08F0  B2C2      	BTFSC gbl_adcon0,1
08F2  D7FE      	BRA	label8
08F4  503A      	MOVF FCD_ADC2_S_00050_1_old_tris, W
08F6  6E93      	MOVWF gbl_trisb
08F8  0E0F      	MOVLW 0x0F
08FA  6EC1      	MOVWF gbl_adcon1
08FC  6AC2      	CLRF gbl_adcon0
08FE  0012      	RETURN
0900            ; } FCD_ADC2_SampleADC function end

	ORG 0x00000900
0900            FCD_ADC3_R_00047
0900            ; { FCD_ADC3_ReadAsByte ; function begin
0900  EC48F004  	CALL FCD_ADC3_S_00055
0904  50C4      	MOVF gbl_adresh, W
0906  6E3A      	MOVWF CompTempVarRet2291
0908  0012      	RETURN
090A            ; } FCD_ADC3_ReadAsByte function end

	ORG 0x0000090A
090A            FCD_ADC2_R_00046
090A            ; { FCD_ADC2_ReadAsByte ; function begin
090A  EC64F004  	CALL FCD_ADC2_S_00050
090E  50C4      	MOVF gbl_adresh, W
0910  6E3A      	MOVWF CompTempVarRet2290
0912  0012      	RETURN
0914            ; } FCD_ADC2_ReadAsByte function end

	ORG 0x00000914
0914            FCM_getTro_00042
0914            ; { FCM_getTrouState ; function begin
0914  0EE1      	MOVLW 0xE1
0916  6E38      	MOVWF FCM_getTro_00042_1_FCL_TRIG
0918  5237      	MOVF FCM_getTro_00042_1_FCL_VAL, F
091A  E124      	BNZ	label15
091C  6A39      	CLRF FCM_getTro_00042_1_FCR_RETVAL
091E  EC85F004  	CALL FCD_ADC2_R_00046
0922  503A      	MOVF CompTempVarRet2290, W
0924  6E37      	MOVWF FCM_getTro_00042_1_FCL_VAL
0926  5037      	MOVF FCM_getTro_00042_1_FCL_VAL, W
0928  6438      	CPFSGT FCM_getTro_00042_1_FCL_TRIG
092A  D001      	BRA	label9
092C  D003      	BRA	label10
092E            label9
092E  5032      	MOVF gbl_FCV_TRUE, W
0930  6E39      	MOVWF FCM_getTro_00042_1_FCR_RETVAL
0932  D002      	BRA	label11
0934            label10
0934  5033      	MOVF gbl_FCV_FALSE, W
0936  6E39      	MOVWF FCM_getTro_00042_1_FCR_RETVAL
0938            label11
0938  5239      	MOVF FCM_getTro_00042_1_FCR_RETVAL, F
093A  90D8      	BCF STATUS,C
093C  3639      	RLCF FCM_getTro_00042_1_FCR_RETVAL, F
093E  EC80F004  	CALL FCD_ADC3_R_00047
0942  503A      	MOVF CompTempVarRet2291, W
0944  6E37      	MOVWF FCM_getTro_00042_1_FCL_VAL
0946  5037      	MOVF FCM_getTro_00042_1_FCL_VAL, W
0948  6438      	CPFSGT FCM_getTro_00042_1_FCL_TRIG
094A  D001      	BRA	label12
094C  D004      	BRA	label13
094E            label12
094E  5032      	MOVF gbl_FCV_TRUE, W
0950  1039      	IORWF FCM_getTro_00042_1_FCR_RETVAL, W
0952  6E39      	MOVWF FCM_getTro_00042_1_FCR_RETVAL
0954  D003      	BRA	label14
0956            label13
0956  5033      	MOVF gbl_FCV_FALSE, W
0958  1039      	IORWF FCM_getTro_00042_1_FCR_RETVAL, W
095A  6E39      	MOVWF FCM_getTro_00042_1_FCR_RETVAL
095C            label14
095C  5239      	MOVF FCM_getTro_00042_1_FCR_RETVAL, F
095E  90D8      	BCF STATUS,C
0960  3239      	RRCF FCM_getTro_00042_1_FCR_RETVAL, F
0962  D018      	BRA	label21
0964            label15
0964  0436      	DECF FCM_getTro_00042_arg_FCL_NB, W
0966  E004      	BZ	label16
0968  0E02      	MOVLW 0x02
096A  6236      	CPFSEQ FCM_getTro_00042_arg_FCL_NB
096C  D00A      	BRA	label18
096E  D005      	BRA	label17
0970            label16
0970  EC85F004  	CALL FCD_ADC2_R_00046
0974  503A      	MOVF CompTempVarRet2290, W
0976  6E37      	MOVWF FCM_getTro_00042_1_FCL_VAL
0978  D004      	BRA	label18
097A            label17
097A  EC80F004  	CALL FCD_ADC3_R_00047
097E  503A      	MOVF CompTempVarRet2291, W
0980  6E37      	MOVWF FCM_getTro_00042_1_FCL_VAL
0982            label18
0982  5037      	MOVF FCM_getTro_00042_1_FCL_VAL, W
0984  6438      	CPFSGT FCM_getTro_00042_1_FCL_TRIG
0986  D001      	BRA	label19
0988  D003      	BRA	label20
098A            label19
098A  5032      	MOVF gbl_FCV_TRUE, W
098C  6E39      	MOVWF FCM_getTro_00042_1_FCR_RETVAL
098E  D002      	BRA	label21
0990            label20
0990  5033      	MOVF gbl_FCV_FALSE, W
0992  6E39      	MOVWF FCM_getTro_00042_1_FCR_RETVAL
0994            label21
0994  5039      	MOVF FCM_getTro_00042_1_FCR_RETVAL, W
0996  6E3A      	MOVWF CompTempVarRet2201
0998  0012      	RETURN
099A            ; } FCM_getTrouState function end

	ORG 0x0000099A
099A            FCD_Steppe_0005C
099A            ; { FCD_Stepper0_EnableMotor ; function begin
099A  0E01      	MOVLW 0x01
099C  6E35      	MOVWF gbl_Stepper_328444_enabled
099E  9095      	BCF gbl_trisd,0
09A0  9083      	BCF gbl_portd,0
09A2  9295      	BCF gbl_trisd,1
09A4  9283      	BCF gbl_portd,1
09A6  9495      	BCF gbl_trisd,2
09A8  9483      	BCF gbl_portd,2
09AA  9E95      	BCF gbl_trisd,7
09AC  9E83      	BCF gbl_portd,7
09AE  0012      	RETURN
09B0            ; } FCD_Stepper0_EnableMotor function end

	ORG 0x000009B0
09B0            FCD_Steppe_0005A
09B0            ; { FCD_Stepper0_IncrementStep ; function begin
09B0  5235      	MOVF gbl_Stepper_328444_enabled, F
09B2  B4D8      	BTFSC STATUS,Z
09B4  0012      	RETURN
09B6  2834      	INCF gbl_Stepper_328444_phase, W
09B8  6E34      	MOVWF gbl_Stepper_328444_phase
09BA  0E07      	MOVLW 0x07
09BC  1634      	ANDWF gbl_Stepper_328444_phase, F
09BE  EE00F005  	LFSR 0x00, gbl_Stepper_328444_pattern
09C2  50E9      	MOVF FSR0L, W
09C4  5034      	MOVF gbl_Stepper_328444_phase, W
09C6  26E9      	ADDWF FSR0L, F
09C8  50EF      	MOVF INDF0, W
09CA  6E36      	MOVWF FCD_Steppe_0005A_1_pattern_now
09CC  A036      	BTFSS FCD_Steppe_0005A_1_pattern_now,0
09CE  D002      	BRA	label22
09D0  8083      	BSF gbl_portd,0
09D2  D001      	BRA	label23
09D4            label22
09D4  9083      	BCF gbl_portd,0
09D6            label23
09D6  A236      	BTFSS FCD_Steppe_0005A_1_pattern_now,1
09D8  D002      	BRA	label24
09DA  8283      	BSF gbl_portd,1
09DC  D001      	BRA	label25
09DE            label24
09DE  9283      	BCF gbl_portd,1
09E0            label25
09E0  A436      	BTFSS FCD_Steppe_0005A_1_pattern_now,2
09E2  D002      	BRA	label26
09E4  8483      	BSF gbl_portd,2
09E6  D001      	BRA	label27
09E8            label26
09E8  9483      	BCF gbl_portd,2
09EA            label27
09EA  A636      	BTFSS FCD_Steppe_0005A_1_pattern_now,3
09EC  D002      	BRA	label28
09EE  8E83      	BSF gbl_portd,7
09F0  0012      	RETURN
09F2            label28
09F2  9E83      	BCF gbl_portd,7
09F4  0012      	RETURN
09F6            ; } FCD_Stepper0_IncrementStep function end

	ORG 0x000009F6
09F6            main
09F6            ; { main ; function begin
09F6  0E0F      	MOVLW 0x0F
09F8  6EC1      	MOVWF gbl_adcon1
09FA  0E08      	MOVLW 0x08
09FC  6E6F      	MOVWF gbl_ucfg
09FE  9AA0      	BCF gbl_pie2,5
0A00  0E01      	MOVLW 0x01
0A02  6E32      	MOVWF gbl_FCV_TRUE
0A04  6A33      	CLRF gbl_FCV_FALSE
0A06  6A2C      	CLRF gbl_FCV_STOP
0A08  0E01      	MOVLW 0x01
0A0A  6E31      	MOVWF gbl_FCV_AVANT
0A0C  0E02      	MOVLW 0x02
0A0E  6E30      	MOVWF gbl_FCV_ARRIERE
0A10  6A2F      	CLRF gbl_FCV_DROIT
0A12  0EA6      	MOVLW 0xA6
0A14  6E2D      	MOVWF gbl_FCV_LEFT
0A16  0E5A      	MOVLW 0x5A
0A18  6E2E      	MOVWF gbl_FCV_RIGHT
0A1A  5232      	MOVF gbl_FCV_TRUE, F
0A1C  E009      	BZ	label30
0A1E  ECCDF004  	CALL FCD_Steppe_0005C
0A22            label29
0A22  ECD8F004  	CALL FCD_Steppe_0005A
0A26  0E14      	MOVLW 0x14
0A28  6E36      	MOVWF delay_ms_00000_arg_del
0A2A  EC06F004  	CALL delay_ms_00000
0A2E  D7F9      	BRA	label29
0A30            label30
0A30  6A36      	CLRF FCM_getTro_00042_arg_FCL_NB
0A32  EC8AF004  	CALL FCM_getTro_00042
0A36  D7FC      	BRA	label30
0A38            ; } main function end

	ORG 0x00000A38
0A38            _startup
0A38  0ED5      	MOVLW 0xD5
0A3A  6E0D      	MOVWF gbl_16_LSR
0A3C  0EC4      	MOVLW 0xC4
0A3E  6E0E      	MOVWF gbl_16_LSR+D'1'
0A40  0EBB      	MOVLW 0xBB
0A42  6E0F      	MOVWF gbl_16_LSR+D'2'
0A44  0EDC      	MOVLW 0xDC
0A46  6E10      	MOVWF gbl_16_LSR+D'3'
0A48  6A11      	CLRF gbl_17_gbl_aSig
0A4A  6A12      	CLRF gbl_17_gbl_aSig+D'1'
0A4C  6A13      	CLRF gbl_17_gbl_aSig+D'2'
0A4E  6A14      	CLRF gbl_17_gbl_aSig+D'3'
0A50  6A15      	CLRF gbl_17_gbl_bSig
0A52  6A16      	CLRF gbl_17_gbl_bSig+D'1'
0A54  6A17      	CLRF gbl_17_gbl_bSig+D'2'
0A56  6A18      	CLRF gbl_17_gbl_bSig+D'3'
0A58  6A19      	CLRF gbl_17_gbl_zSig
0A5A  6A1A      	CLRF gbl_17_gbl_zSig+D'1'
0A5C  6A1B      	CLRF gbl_17_gbl_zSig+D'2'
0A5E  6A1C      	CLRF gbl_17_gbl_zSig+D'3'
0A60  6A26      	CLRF gbl_17_gbl_aExp
0A62  6A27      	CLRF gbl_17_gbl_bExp
0A64  6A21      	CLRF gbl_17_gbl_zExp
0A66  6A22      	CLRF gbl_17_gbl_zExp+D'1'
0A68  6A28      	CLRF gbl_17_gbl_aSign
0A6A  6A29      	CLRF gbl_17_gbl_bSign
0A6C  6A2A      	CLRF gbl_17_gbl_zSign
0A6E  6A2B      	CLRF gbl_17_gbl_zSigZero
0A70  6A1D      	CLRF gbl_17_gbl_ret
0A72  6A1E      	CLRF gbl_17_gbl_ret+D'1'
0A74  6A1F      	CLRF gbl_17_gbl_ret+D'2'
0A76  6A20      	CLRF gbl_17_gbl_ret+D'3'
0A78  6A24      	CLRF gbl_float_rounding_mode
0A7A  6A25      	CLRF gbl_float_exception_flags
0A7C  6A23      	CLRF gbl_float_detect_tininess
0A7E  0E09      	MOVLW 0x09
0A80  6E05      	MOVWF gbl_Stepper_328444_pattern
0A82  0E01      	MOVLW 0x01
0A84  6E06      	MOVWF gbl_Stepper_328444_pattern+D'1'
0A86  0E05      	MOVLW 0x05
0A88  6E07      	MOVWF gbl_Stepper_328444_pattern+D'2'
0A8A  0E04      	MOVLW 0x04
0A8C  6E08      	MOVWF gbl_Stepper_328444_pattern+D'3'
0A8E  0E06      	MOVLW 0x06
0A90  6E09      	MOVWF gbl_Stepper_328444_pattern+D'4'
0A92  0E02      	MOVLW 0x02
0A94  6E0A      	MOVWF gbl_Stepper_328444_pattern+D'5'
0A96  0E0A      	MOVLW 0x0A
0A98  6E0B      	MOVWF gbl_Stepper_328444_pattern+D'6'
0A9A  0E08      	MOVLW 0x08
0A9C  6E0C      	MOVWF gbl_Stepper_328444_pattern+D'7'
0A9E  6A34      	CLRF gbl_Stepper_328444_phase
0AA0  6A35      	CLRF gbl_Stepper_328444_enabled
0AA2  EFFBF004  	GOTO	main
	ORG 0x00000AA6
0AA6            interrupt
0AA6            ; { interrupt ; function begin
0AA6  CFEAF001  	MOVFF FSR0H,  Int1Context
0AAA  CFE9F002  	MOVFF FSR0L,  Int1Context+D'1'
0AAE  CFF4F003  	MOVFF PRODH,  Int1Context+D'2'
0AB2  CFF3F004  	MOVFF PRODL,  Int1Context+D'3'
0AB6  C004FFF3  	MOVFF Int1Context+D'3',  PRODL
0ABA  C003FFF4  	MOVFF Int1Context+D'2',  PRODH
0ABE  C002FFE9  	MOVFF Int1Context+D'1',  FSR0L
0AC2  C001FFEA  	MOVFF Int1Context,  FSR0H
0AC6  0011      	RETFIE 1
0AC8            ; } interrupt function end

	ORG 0x00300000
300000  0E20      	DW 0x0E20
300002  1E3E      	DW 0x1E3E
300004  8100      	DW 0x8100
300006  0081      	DW 0x0081
300008  800F      	DW 0x800F
30000A  A00F      	DW 0xA00F
30000C  000F      	DW 0x000F
